==================================================
SESSION 27: API SECURITY AUDIT LOG
==================================================

1. BOLA (ID SWAP) EXPLOITATION
* Targeted User ID: 102
* Private Information Leaked: {"email":"boss@titan.com","name":"CISO","role":"Admin","secret":"TITAN_MASTER_KEY_2026"}

2. BUSINESS LOGIC EXPLOITATION (DISCOUNT HUNTER)
* Hidden Discount Code Discovered: 9912
* Method Used: Automated brute-force attack using a range of numeric discount codes.

3. REMEDIATION RECOMMENDATION
* How would you fix the BOLA vulnerability?
Answer: 
Enforce Ownership Checks: Validate on the server side that the user making the request has the specific permission to access that specific 
object ID.

Use UUIDs: Replace sequential, predictable integers (like 1001) with random, non-guessable Universally Unique Identifiers (UUIDs).

Zero-Trust Authorization: Implement a central authorization middleware that denies access by default unless an ownership relationship is confirmed. 

* How would you fix the Brute-Force vulnerability in the discount field?
Answer:
Rate Limiting: Restrict the checkout endpoint to a small number of attempts (e.g., 3 per minute) before temporary lockout.

IP Throttling: Monitor and block IP addresses that trigger excessive "Invalid Code" responses.

Increased Entropy: Use longer, alphanumeric discount codes instead of simple 4-digit numbers to make brute-forcing mathematically unfeasible.

CAPTCHA: Trigger a CAPTCHA challenge after two failed attempts to stop automated scripts like the one used in your terminal.
